Archive member included to satisfy reference by file (symbol)

d:/mounriver_studio/mounriver_studio2/resources/app/resources/win32/components/wch/toolchain/risc-v embedded gcc/bin/../lib/gcc/riscv-none-embed/8.2.0/rv32imacxw/ilp32\libgcc.a(adddf3.o)
                              ./User/main.o (__adddf3)
d:/mounriver_studio/mounriver_studio2/resources/app/resources/win32/components/wch/toolchain/risc-v embedded gcc/bin/../lib/gcc/riscv-none-embed/8.2.0/rv32imacxw/ilp32\libgcc.a(divdf3.o)
                              ./User/main.o (__divdf3)
d:/mounriver_studio/mounriver_studio2/resources/app/resources/win32/components/wch/toolchain/risc-v embedded gcc/bin/../lib/gcc/riscv-none-embed/8.2.0/rv32imacxw/ilp32\libgcc.a(gedf2.o)
                              ./User/main.o (__gtdf2)
d:/mounriver_studio/mounriver_studio2/resources/app/resources/win32/components/wch/toolchain/risc-v embedded gcc/bin/../lib/gcc/riscv-none-embed/8.2.0/rv32imacxw/ilp32\libgcc.a(ledf2.o)
                              ./User/main.o (__ltdf2)
d:/mounriver_studio/mounriver_studio2/resources/app/resources/win32/components/wch/toolchain/risc-v embedded gcc/bin/../lib/gcc/riscv-none-embed/8.2.0/rv32imacxw/ilp32\libgcc.a(muldf3.o)
                              ./User/main.o (__muldf3)
d:/mounriver_studio/mounriver_studio2/resources/app/resources/win32/components/wch/toolchain/risc-v embedded gcc/bin/../lib/gcc/riscv-none-embed/8.2.0/rv32imacxw/ilp32\libgcc.a(subdf3.o)
                              ./User/main.o (__subdf3)
d:/mounriver_studio/mounriver_studio2/resources/app/resources/win32/components/wch/toolchain/risc-v embedded gcc/bin/../lib/gcc/riscv-none-embed/8.2.0/rv32imacxw/ilp32\libgcc.a(floatsidf.o)
                              ./User/main.o (__floatsidf)
d:/mounriver_studio/mounriver_studio2/resources/app/resources/win32/components/wch/toolchain/risc-v embedded gcc/bin/../lib/gcc/riscv-none-embed/8.2.0/rv32imacxw/ilp32\libgcc.a(mulsf3.o)
                              ./User/main.o (__mulsf3)
d:/mounriver_studio/mounriver_studio2/resources/app/resources/win32/components/wch/toolchain/risc-v embedded gcc/bin/../lib/gcc/riscv-none-embed/8.2.0/rv32imacxw/ilp32\libgcc.a(subsf3.o)
                              ./User/main.o (__subsf3)
d:/mounriver_studio/mounriver_studio2/resources/app/resources/win32/components/wch/toolchain/risc-v embedded gcc/bin/../lib/gcc/riscv-none-embed/8.2.0/rv32imacxw/ilp32\libgcc.a(fixunssfsi.o)
                              ./User/main.o (__fixunssfsi)
d:/mounriver_studio/mounriver_studio2/resources/app/resources/win32/components/wch/toolchain/risc-v embedded gcc/bin/../lib/gcc/riscv-none-embed/8.2.0/rv32imacxw/ilp32\libgcc.a(floatsisf.o)
                              ./User/main.o (__floatsisf)
d:/mounriver_studio/mounriver_studio2/resources/app/resources/win32/components/wch/toolchain/risc-v embedded gcc/bin/../lib/gcc/riscv-none-embed/8.2.0/rv32imacxw/ilp32\libgcc.a(extendsfdf2.o)
                              ./User/main.o (__extendsfdf2)
d:/mounriver_studio/mounriver_studio2/resources/app/resources/win32/components/wch/toolchain/risc-v embedded gcc/bin/../lib/gcc/riscv-none-embed/8.2.0/rv32imacxw/ilp32\libgcc.a(truncdfsf2.o)
                              ./User/main.o (__truncdfsf2)
d:/mounriver_studio/mounriver_studio2/resources/app/resources/win32/components/wch/toolchain/risc-v embedded gcc/bin/../lib/gcc/riscv-none-embed/8.2.0/rv32imacxw/ilp32\libgcc.a(save-restore.o)
                              ./Hardware/OLED/OLED.o (__riscv_save_8)
d:/mounriver_studio/mounriver_studio2/resources/app/resources/win32/components/wch/toolchain/risc-v embedded gcc/bin/../lib/gcc/riscv-none-embed/8.2.0/rv32imacxw/ilp32\libgcc.a(_clzsi2.o)
                              d:/mounriver_studio/mounriver_studio2/resources/app/resources/win32/components/wch/toolchain/risc-v embedded gcc/bin/../lib/gcc/riscv-none-embed/8.2.0/rv32imacxw/ilp32\libgcc.a(adddf3.o) (__clzsi2)
d:/mounriver_studio/mounriver_studio2/resources/app/resources/win32/components/wch/toolchain/risc-v embedded gcc/bin/../lib/gcc/riscv-none-embed/8.2.0/rv32imacxw/ilp32\libgcc.a(_clz.o)
                              d:/mounriver_studio/mounriver_studio2/resources/app/resources/win32/components/wch/toolchain/risc-v embedded gcc/bin/../lib/gcc/riscv-none-embed/8.2.0/rv32imacxw/ilp32\libgcc.a(_clzsi2.o) (__clz_tab)
d:/mounriver_studio/mounriver_studio2/resources/app/resources/win32/components/wch/toolchain/risc-v embedded gcc/bin/../lib/gcc/riscv-none-embed/8.2.0/../../../../riscv-none-embed/lib/rv32imacxw/ilp32\libg_nano.a(lib_a-memcpy.o)
                              ./Hardware/ModBus/ModBus.o (memcpy)
d:/mounriver_studio/mounriver_studio2/resources/app/resources/win32/components/wch/toolchain/risc-v embedded gcc/bin/../lib/gcc/riscv-none-embed/8.2.0/../../../../riscv-none-embed/lib/rv32imacxw/ilp32\libg_nano.a(lib_a-memset.o)
                              ./Hardware/ModBus/ModBus.o (memset)

Discarded input sections

[...]
Memory Configuration

Name             Origin             Length             Attributes
FLASH            0x0000000000000000 0x0000000000010000 xr
RAM              0x0000000020000000 0x0000000000005000 xrw
*default*        0x0000000000000000 0xffffffffffffffff

Linker script and memory map

LOAD ./User/ch32v20x_it.o
LOAD ./User/main.o
LOAD ./User/system_ch32v20x.o
LOAD ./Startup/startup_ch32v20x_D6.o
LOAD ./Peripheral/src/ch32v20x_adc.o
LOAD ./Peripheral/src/ch32v20x_bkp.o
LOAD ./Peripheral/src/ch32v20x_can.o
LOAD ./Peripheral/src/ch32v20x_crc.o
LOAD ./Peripheral/src/ch32v20x_dbgmcu.o
LOAD ./Peripheral/src/ch32v20x_dma.o
LOAD ./Peripheral/src/ch32v20x_exti.o
LOAD ./Peripheral/src/ch32v20x_flash.o
LOAD ./Peripheral/src/ch32v20x_gpio.o
LOAD ./Peripheral/src/ch32v20x_i2c.o
LOAD ./Peripheral/src/ch32v20x_iwdg.o
LOAD ./Peripheral/src/ch32v20x_misc.o
LOAD ./Peripheral/src/ch32v20x_opa.o
LOAD ./Peripheral/src/ch32v20x_pwr.o
LOAD ./Peripheral/src/ch32v20x_rcc.o
LOAD ./Peripheral/src/ch32v20x_rtc.o
LOAD ./Peripheral/src/ch32v20x_spi.o
LOAD ./Peripheral/src/ch32v20x_tim.o
LOAD ./Peripheral/src/ch32v20x_usart.o
LOAD ./Peripheral/src/ch32v20x_wwdg.o
LOAD ./Hardware/PWM/PWM.o
LOAD ./Hardware/OLED/OLED.o
LOAD ./Hardware/ModBus/ModBus.o
LOAD ./Hardware/ADC/ADC.o
LOAD ./Debug/debug.o
LOAD ./Core/core_riscv.o
LOAD d:/mounriver_studio/mounriver_studio2/resources/app/resources/win32/components/wch/toolchain/risc-v embedded gcc/bin/../lib/gcc/riscv-none-embed/8.2.0/rv32imacxw/ilp32\libgcc.a
LOAD d:/mounriver_studio/mounriver_studio2/resources/app/resources/win32/components/wch/toolchain/risc-v embedded gcc/bin/../lib/gcc/riscv-none-embed/8.2.0/../../../../riscv-none-embed/lib/rv32imacxw/ilp32\libg_nano.a
LOAD d:/mounriver_studio/mounriver_studio2/resources/app/resources/win32/components/wch/toolchain/risc-v embedded gcc/bin/../lib/gcc/riscv-none-embed/8.2.0/../../../../riscv-none-embed/lib/rv32imacxw/ilp32\libc_nano.a
LOAD d:/mounriver_studio/mounriver_studio2/resources/app/resources/win32/components/wch/toolchain/risc-v embedded gcc/bin/../lib/gcc/riscv-none-embed/8.2.0/rv32imacxw/ilp32\libgcc.a
START GROUP
LOAD d:/mounriver_studio/mounriver_studio2/resources/app/resources/win32/components/wch/toolchain/risc-v embedded gcc/bin/../lib/gcc/riscv-none-embed/8.2.0/rv32imacxw/ilp32\libgcc.a
LOAD d:/mounriver_studio/mounriver_studio2/resources/app/resources/win32/components/wch/toolchain/risc-v embedded gcc/bin/../lib/gcc/riscv-none-embed/8.2.0/../../../../riscv-none-embed/lib/rv32imacxw/ilp32\libc_nano.a
LOAD d:/mounriver_studio/mounriver_studio2/resources/app/resources/win32/components/wch/toolchain/risc-v embedded gcc/bin/../lib/gcc/riscv-none-embed/8.2.0/../../../../riscv-none-embed/lib/rv32imacxw/ilp32\libnosys.a
END GROUP
START GROUP
LOAD d:/mounriver_studio/mounriver_studio2/resources/app/resources/win32/components/wch/toolchain/risc-v embedded gcc/bin/../lib/gcc/riscv-none-embed/8.2.0/rv32imacxw/ilp32\libgcc.a
LOAD d:/mounriver_studio/mounriver_studio2/resources/app/resources/win32/components/wch/toolchain/risc-v embedded gcc/bin/../lib/gcc/riscv-none-embed/8.2.0/../../../../riscv-none-embed/lib/rv32imacxw/ilp32\libc_nano.a
LOAD d:/mounriver_studio/mounriver_studio2/resources/app/resources/win32/components/wch/toolchain/risc-v embedded gcc/bin/../lib/gcc/riscv-none-embed/8.2.0/../../../../riscv-none-embed/lib/rv32imacxw/ilp32\libnosys.a
END GROUP
                0x0000000000000800                __stack_size = 0x800
                [!provide]                        PROVIDE (_stack_size = __stack_size)

.init           0x0000000000000000        0x4
                0x0000000000000000                _sinit = .
                0x0000000000000000                . = ALIGN (0x4)
 *(SORT_NONE(.init))
 .init          0x0000000000000000        0x4 ./Startup/startup_ch32v20x_D6.o
                0x0000000000000000                _start
                0x0000000000000004                . = ALIGN (0x4)
                0x0000000000000004                _einit = .

.vector         0x0000000000000004       0xfc
 *(.vector)
 .vector        0x0000000000000004       0xfc ./Startup/startup_ch32v20x_D6.o
                0x0000000000000100                . = ALIGN (0x40)

.text           0x0000000000000100     0x44c4
                0x0000000000000100                . = ALIGN (0x4)
 *(.text)
 .text          0x0000000000000100       0x60 d:/mounriver_studio/mounriver_studio2/resources/app/resources/win32/components/wch/toolchain/risc-v embedded gcc/bin/../lib/gcc/riscv-none-embed/8.2.0/rv32imacxw/ilp32\libgcc.a(save-restore.o)
                0x0000000000000100                __riscv_save_12
                0x0000000000000108                __riscv_save_9
                0x0000000000000108                __riscv_save_11
                0x0000000000000108                __riscv_save_10
                0x0000000000000108                __riscv_save_8
                0x0000000000000116                __riscv_save_4
                0x0000000000000116                __riscv_save_6
                0x0000000000000116                __riscv_save_5
                0x0000000000000116                __riscv_save_7
                0x0000000000000130                __riscv_save_3
                0x0000000000000130                __riscv_save_2
                0x0000000000000130                __riscv_save_1
                0x0000000000000130                __riscv_save_0
                0x000000000000013c                __riscv_restore_12
                0x0000000000000140                __riscv_restore_11
                0x0000000000000140                __riscv_restore_9
                0x0000000000000140                __riscv_restore_10
                0x0000000000000140                __riscv_restore_8
                0x000000000000014a                __riscv_restore_5
                0x000000000000014a                __riscv_restore_7
                0x000000000000014a                __riscv_restore_6
                0x000000000000014a                __riscv_restore_4
                0x0000000000000154                __riscv_restore_3
                0x0000000000000154                __riscv_restore_0
                0x0000000000000154                __riscv_restore_2
                0x0000000000000154                __riscv_restore_1
 .text          0x0000000000000160       0xa8 d:/mounriver_studio/mounriver_studio2/resources/app/resources/win32/components/wch/toolchain/risc-v embedded gcc/bin/../lib/gcc/riscv-none-embed/8.2.0/../../../../riscv-none-embed/lib/rv32imacxw/ilp32\libg_nano.a(lib_a-memset.o)
                0x0000000000000160                memset
 *(.text.*)
 .text.NMI_Handler
                0x0000000000000208        0x2 ./User/ch32v20x_it.o
                0x0000000000000208                NMI_Handler
 .text.HardFault_Handler
                0x000000000000020a       0x10 ./User/ch32v20x_it.o
                0x000000000000020a                HardFault_Handler
 .text.System_Init
                0x000000000000021a       0xa6 ./User/main.o
                0x000000000000021a                System_Init
 .text.Voltage_Get
                0x00000000000002c0      0x166 ./User/main.o
                0x00000000000002c0                Voltage_Get
 .text.Electricity_Get
                0x0000000000000426      0x112 ./User/main.o
                0x0000000000000426                Electricity_Get
 .text.OLED_Updata
                0x0000000000000538       0xd4 ./User/main.o
                0x0000000000000538                OLED_Updata
 .text.startup.main
                0x000000000000060c       0x1e ./User/main.o
                0x000000000000060c                main
 .text.SystemInit
                0x000000000000062a       0xea ./User/system_ch32v20x.o
                0x000000000000062a                SystemInit
 .text.SystemCoreClockUpdate
                0x0000000000000714       0x8e ./User/system_ch32v20x.o
                0x0000000000000714                SystemCoreClockUpdate
 .text.vector_handler
                0x00000000000007a2        0x2 ./Startup/startup_ch32v20x_D6.o
                0x00000000000007a2                EXTI2_IRQHandler
                0x00000000000007a2                TIM1_CC_IRQHandler
                0x00000000000007a2                SysTick_Handler
                0x00000000000007a2                PVD_IRQHandler
                0x00000000000007a2                EXTI3_IRQHandler
                0x00000000000007a2                USBFS_IRQHandler
                0x00000000000007a2                EXTI0_IRQHandler
                0x00000000000007a2                I2C2_EV_IRQHandler
                0x00000000000007a2                ADC1_2_IRQHandler
                0x00000000000007a2                Break_Point_Handler
                0x00000000000007a2                SPI1_IRQHandler
                0x00000000000007a2                TAMPER_IRQHandler
                0x00000000000007a2                Ecall_M_Mode_Handler
                0x00000000000007a2                DMA1_Channel4_IRQHandler
                0x00000000000007a2                USART3_IRQHandler
                0x00000000000007a2                RTC_IRQHandler
                0x00000000000007a2                DMA1_Channel7_IRQHandler
                0x00000000000007a2                CAN1_RX1_IRQHandler
                0x00000000000007a2                TIM4_IRQHandler
                0x00000000000007a2                I2C1_EV_IRQHandler
                0x00000000000007a2                DMA1_Channel6_IRQHandler
                0x00000000000007a2                UART4_IRQHandler
                0x00000000000007a2                TIM3_IRQHandler
                0x00000000000007a2                RCC_IRQHandler
                0x00000000000007a2                TIM1_TRG_COM_IRQHandler
                0x00000000000007a2                DMA1_Channel1_IRQHandler
                0x00000000000007a2                EXTI15_10_IRQHandler
                0x00000000000007a2                DMA1_Channel8_IRQHandler
                0x00000000000007a2                EXTI9_5_IRQHandler
                0x00000000000007a2                SPI2_IRQHandler
                0x00000000000007a2                DMA1_Channel5_IRQHandler
                0x00000000000007a2                EXTI4_IRQHandler
                0x00000000000007a2                USB_LP_CAN1_RX0_IRQHandler
                0x00000000000007a2                USB_HP_CAN1_TX_IRQHandler
                0x00000000000007a2                DMA1_Channel3_IRQHandler
                0x00000000000007a2                TIM1_UP_IRQHandler
                0x00000000000007a2                WWDG_IRQHandler
                0x00000000000007a2                Ecall_U_Mode_Handler
                0x00000000000007a2                SW_Handler
                0x00000000000007a2                TIM1_BRK_IRQHandler
                0x00000000000007a2                EXTI1_IRQHandler
                0x00000000000007a2                RTCAlarm_IRQHandler
                0x00000000000007a2                USART2_IRQHandler
                0x00000000000007a2                I2C2_ER_IRQHandler
                0x00000000000007a2                DMA1_Channel2_IRQHandler
                0x00000000000007a2                CAN1_SCE_IRQHandler
                0x00000000000007a2                FLASH_IRQHandler
                0x00000000000007a2                USBFSWakeUp_IRQHandler
                0x00000000000007a2                I2C1_ER_IRQHandler
                0x00000000000007a2                USBWakeUp_IRQHandler
 .text.handle_reset
                0x00000000000007a4       0x86 ./Startup/startup_ch32v20x_D6.o
                0x00000000000007a4                handle_reset
 .text.ADC_Init
                0x000000000000082a       0x56 ./Peripheral/src/ch32v20x_adc.o
                0x000000000000082a                ADC_Init
 .text.ADC_Cmd  0x0000000000000880       0x10 ./Peripheral/src/ch32v20x_adc.o
                0x0000000000000880                ADC_Cmd
 .text.ADC_ResetCalibration
                0x0000000000000890        0xa ./Peripheral/src/ch32v20x_adc.o
                0x0000000000000890                ADC_ResetCalibration
 .text.ADC_GetResetCalibrationStatus
                0x000000000000089a        0x8 ./Peripheral/src/ch32v20x_adc.o
                0x000000000000089a                ADC_GetResetCalibrationStatus
 .text.ADC_StartCalibration
                0x00000000000008a2        0xa ./Peripheral/src/ch32v20x_adc.o
                0x00000000000008a2                ADC_StartCalibration
 .text.ADC_GetCalibrationStatus
                0x00000000000008ac        0x8 ./Peripheral/src/ch32v20x_adc.o
                0x00000000000008ac                ADC_GetCalibrationStatus
 .text.ADC_SoftwareStartConvCmd
                0x00000000000008b4       0x18 ./Peripheral/src/ch32v20x_adc.o
                0x00000000000008b4                ADC_SoftwareStartConvCmd
 .text.ADC_RegularChannelConfig
                0x00000000000008cc       0xb8 ./Peripheral/src/ch32v20x_adc.o
                0x00000000000008cc                ADC_RegularChannelConfig
 .text.ADC_GetConversionValue
                0x0000000000000984        0x8 ./Peripheral/src/ch32v20x_adc.o
                0x0000000000000984                ADC_GetConversionValue
 .text.ADC_GetFlagStatus
                0x000000000000098c        0xa ./Peripheral/src/ch32v20x_adc.o
                0x000000000000098c                ADC_GetFlagStatus
 .text.ADC_ClearFlag
                0x0000000000000996        0x8 ./Peripheral/src/ch32v20x_adc.o
                0x0000000000000996                ADC_ClearFlag
 .text.GPIO_Init
                0x000000000000099e       0xf2 ./Peripheral/src/ch32v20x_gpio.o
                0x000000000000099e                GPIO_Init
 .text.GPIO_WriteBit
                0x0000000000000a90       0x1a ./Peripheral/src/ch32v20x_gpio.o
                0x0000000000000a90                GPIO_WriteBit
 .text.NVIC_PriorityGroupConfig
                0x0000000000000aaa        0x6 ./Peripheral/src/ch32v20x_misc.o
                0x0000000000000aaa                NVIC_PriorityGroupConfig
 .text.NVIC_Init
                0x0000000000000ab0       0x54 ./Peripheral/src/ch32v20x_misc.o
                0x0000000000000ab0                NVIC_Init
 .text.RCC_ADCCLKConfig
                0x0000000000000b04       0x12 ./Peripheral/src/ch32v20x_rcc.o
                0x0000000000000b04                RCC_ADCCLKConfig
 .text.RCC_GetClocksFreq
                0x0000000000000b16       0xbe ./Peripheral/src/ch32v20x_rcc.o
                0x0000000000000b16                RCC_GetClocksFreq
 .text.RCC_APB2PeriphClockCmd
                0x0000000000000bd4       0x1e ./Peripheral/src/ch32v20x_rcc.o
                0x0000000000000bd4                RCC_APB2PeriphClockCmd
 .text.RCC_APB1PeriphClockCmd
                0x0000000000000bf2       0x1e ./Peripheral/src/ch32v20x_rcc.o
                0x0000000000000bf2                RCC_APB1PeriphClockCmd
 .text.TIM_TimeBaseInit
                0x0000000000000c10       0x6a ./Peripheral/src/ch32v20x_tim.o
                0x0000000000000c10                TIM_TimeBaseInit
 .text.TIM_OC1Init
                0x0000000000000c7a       0x6a ./Peripheral/src/ch32v20x_tim.o
                0x0000000000000c7a                TIM_OC1Init
 .text.TIM_Cmd  0x0000000000000ce4       0x18 ./Peripheral/src/ch32v20x_tim.o
                0x0000000000000ce4                TIM_Cmd
 .text.TIM_ITConfig
                0x0000000000000cfc       0x12 ./Peripheral/src/ch32v20x_tim.o
                0x0000000000000cfc                TIM_ITConfig
 .text.TIM_ARRPreloadConfig
                0x0000000000000d0e       0x1a ./Peripheral/src/ch32v20x_tim.o
                0x0000000000000d0e                TIM_ARRPreloadConfig
 .text.TIM_OC1PreloadConfig
                0x0000000000000d28        0xe ./Peripheral/src/ch32v20x_tim.o
                0x0000000000000d28                TIM_OC1PreloadConfig
 .text.TIM_SetCompare1
                0x0000000000000d36        0x4 ./Peripheral/src/ch32v20x_tim.o
                0x0000000000000d36                TIM_SetCompare1
 .text.TIM_GetITStatus
                0x0000000000000d3a       0x18 ./Peripheral/src/ch32v20x_tim.o
                0x0000000000000d3a                TIM_GetITStatus
 .text.TIM_ClearITPendingBit
                0x0000000000000d52        0xc ./Peripheral/src/ch32v20x_tim.o
                0x0000000000000d52                TIM_ClearITPendingBit
 .text.USART_Init
                0x0000000000000d5e       0x8e ./Peripheral/src/ch32v20x_usart.o
                0x0000000000000d5e                USART_Init
 .text.USART_Cmd
                0x0000000000000dec       0x16 ./Peripheral/src/ch32v20x_usart.o
                0x0000000000000dec                USART_Cmd
 .text.USART_ITConfig
                0x0000000000000e02       0x36 ./Peripheral/src/ch32v20x_usart.o
                0x0000000000000e02                USART_ITConfig
 .text.USART_SendData
                0x0000000000000e38        0x8 ./Peripheral/src/ch32v20x_usart.o
                0x0000000000000e38                USART_SendData
 .text.USART_ReceiveData
                0x0000000000000e40        0x8 ./Peripheral/src/ch32v20x_usart.o
                0x0000000000000e40                USART_ReceiveData
 .text.USART_GetFlagStatus
                0x0000000000000e48        0xa ./Peripheral/src/ch32v20x_usart.o
                0x0000000000000e48                USART_GetFlagStatus
 .text.USART_GetITStatus
                0x0000000000000e52       0x3c ./Peripheral/src/ch32v20x_usart.o
                0x0000000000000e52                USART_GetITStatus
 .text.USART_ClearITPendingBit
                0x0000000000000e8e       0x14 ./Peripheral/src/ch32v20x_usart.o
                0x0000000000000e8e                USART_ClearITPendingBit
 .text.TIM3_PWM_Init
                0x0000000000000ea2       0x84 ./Hardware/PWM/PWM.o
                0x0000000000000ea2                TIM3_PWM_Init
 .text.TIM4_PWM_Init
                0x0000000000000f26       0x84 ./Hardware/PWM/PWM.o
                0x0000000000000f26                TIM4_PWM_Init
 .text.OLED_I2C_Init
                0x0000000000000faa       0x4a ./Hardware/OLED/OLED.o
                0x0000000000000faa                OLED_I2C_Init
 .text.OLED_I2C_Start
                0x0000000000000ff4       0x3e ./Hardware/OLED/OLED.o
                0x0000000000000ff4                OLED_I2C_Start
 .text.OLED_I2C_Stop
                0x0000000000001032       0x38 ./Hardware/OLED/OLED.o
                0x0000000000001032                OLED_I2C_Stop
 .text.OLED_I2C_SendByte
                0x000000000000106a       0x8a ./Hardware/OLED/OLED.o
                0x000000000000106a                OLED_I2C_SendByte
 .text.OLED_WriteCommand
                0x00000000000010f4       0x1c ./Hardware/OLED/OLED.o
                0x00000000000010f4                OLED_WriteCommand
 .text.OLED_WriteData
                0x0000000000001110       0x1e ./Hardware/OLED/OLED.o
                0x0000000000001110                OLED_WriteData
 .text.OLED_SetCursor
                0x000000000000112e       0x20 ./Hardware/OLED/OLED.o
                0x000000000000112e                OLED_SetCursor
 .text.OLED_Clear
                0x000000000000114e       0x28 ./Hardware/OLED/OLED.o
                0x000000000000114e                OLED_Clear
 .text.OLED_ShowChar
                0x0000000000001176       0x68 ./Hardware/OLED/OLED.o
                0x0000000000001176                OLED_ShowChar
 .text.OLED_ShowString
                0x00000000000011de       0x2e ./Hardware/OLED/OLED.o
                0x00000000000011de                OLED_ShowString
 .text.OLED_ShowNum
                0x000000000000120c       0x44 ./Hardware/OLED/OLED.o
                0x000000000000120c                OLED_ShowNum
 .text.OLED_Init
                0x0000000000001250       0x90 ./Hardware/OLED/OLED.o
                0x0000000000001250                OLED_Init
 .text.ModBus_Init
                0x00000000000012e0       0xe4 ./Hardware/ModBus/ModBus.o
                0x00000000000012e0                ModBus_Init
 .text.ModBus_CRC16
                0x00000000000013c4       0x3e ./Hardware/ModBus/ModBus.o
                0x00000000000013c4                ModBus_CRC16
 .text.ModBus_SendFrame
                0x0000000000001402       0x56 ./Hardware/ModBus/ModBus.o
                0x0000000000001402                ModBus_SendFrame
 .text.ModBus_ProcessFrame
                0x0000000000001458      0x176 ./Hardware/ModBus/ModBus.o
                0x0000000000001458                ModBus_ProcessFrame
 .text.ModBus_TimeoutCheck
                0x00000000000015ce       0x28 ./Hardware/ModBus/ModBus.o
                0x00000000000015ce                ModBus_TimeoutCheck
 .text.USART1_IRQHandler
                0x00000000000015f6       0x64 ./Hardware/ModBus/ModBus.o
                0x00000000000015f6                USART1_IRQHandler
 .text.TIM2_IRQHandler
                0x000000000000165a       0x1c ./Hardware/ModBus/ModBus.o
                0x000000000000165a                TIM2_IRQHandler
 .text.AD_Init  0x0000000000001676       0xb8 ./Hardware/ADC/ADC.o
                0x0000000000001676                AD_Init
 .text.AD_GetValue_0
                0x000000000000172e       0x44 ./Hardware/ADC/ADC.o
                0x000000000000172e                AD_GetValue_0
 .text.AD_GetValue_1
                0x0000000000001772       0x44 ./Hardware/ADC/ADC.o
                0x0000000000001772                AD_GetValue_1
 .text.Delay_Init
                0x00000000000017b6       0x2a ./Debug/debug.o
                0x00000000000017b6                Delay_Init
 .text.Delay_Us
                0x00000000000017e0       0x36 ./Debug/debug.o
                0x00000000000017e0                Delay_Us
 .text.Delay_Ms
                0x0000000000001816       0x36 ./Debug/debug.o
                0x0000000000001816                Delay_Ms
 .text.__adddf3
                0x000000000000184c      0x730 d:/mounriver_studio/mounriver_studio2/resources/app/resources/win32/components/wch/toolchain/risc-v embedded gcc/bin/../lib/gcc/riscv-none-embed/8.2.0/rv32imacxw/ilp32\libgcc.a(adddf3.o)
                0x000000000000184c                __adddf3
 .text.__divdf3
                0x0000000000001f7c      0x5b4 d:/mounriver_studio/mounriver_studio2/resources/app/resources/win32/components/wch/toolchain/risc-v embedded gcc/bin/../lib/gcc/riscv-none-embed/8.2.0/rv32imacxw/ilp32\libgcc.a(divdf3.o)
                0x0000000000001f7c                __divdf3
 .text.__gedf2  0x0000000000002530       0xae d:/mounriver_studio/mounriver_studio2/resources/app/resources/win32/components/wch/toolchain/risc-v embedded gcc/bin/../lib/gcc/riscv-none-embed/8.2.0/rv32imacxw/ilp32\libgcc.a(gedf2.o)
                0x0000000000002530                __gedf2
                0x0000000000002530                __gtdf2
 .text.__ledf2  0x00000000000025de       0xb6 d:/mounriver_studio/mounriver_studio2/resources/app/resources/win32/components/wch/toolchain/risc-v embedded gcc/bin/../lib/gcc/riscv-none-embed/8.2.0/rv32imacxw/ilp32\libgcc.a(ledf2.o)
                0x00000000000025de                __ledf2
                0x00000000000025de                __ltdf2
 .text.__muldf3
                0x0000000000002694      0x4b8 d:/mounriver_studio/mounriver_studio2/resources/app/resources/win32/components/wch/toolchain/risc-v embedded gcc/bin/../lib/gcc/riscv-none-embed/8.2.0/rv32imacxw/ilp32\libgcc.a(muldf3.o)
                0x0000000000002694                __muldf3
 .text.__subdf3
                0x0000000000002b4c      0x73e d:/mounriver_studio/mounriver_studio2/resources/app/resources/win32/components/wch/toolchain/risc-v embedded gcc/bin/../lib/gcc/riscv-none-embed/8.2.0/rv32imacxw/ilp32\libgcc.a(subdf3.o)
                0x0000000000002b4c                __subdf3
 .text.__floatsidf
                0x000000000000328a       0x72 d:/mounriver_studio/mounriver_studio2/resources/app/resources/win32/components/wch/toolchain/risc-v embedded gcc/bin/../lib/gcc/riscv-none-embed/8.2.0/rv32imacxw/ilp32\libgcc.a(floatsidf.o)
                0x000000000000328a                __floatsidf
 .text.__mulsf3
                0x00000000000032fc      0x294 d:/mounriver_studio/mounriver_studio2/resources/app/resources/win32/components/wch/toolchain/risc-v embedded gcc/bin/../lib/gcc/riscv-none-embed/8.2.0/rv32imacxw/ilp32\libgcc.a(mulsf3.o)
                0x00000000000032fc                __mulsf3
 .text.__subsf3
                0x0000000000003590      0x388 d:/mounriver_studio/mounriver_studio2/resources/app/resources/win32/components/wch/toolchain/risc-v embedded gcc/bin/../lib/gcc/riscv-none-embed/8.2.0/rv32imacxw/ilp32\libgcc.a(subsf3.o)
                0x0000000000003590                __subsf3
 .text.__fixunssfsi
                0x0000000000003918       0x56 d:/mounriver_studio/mounriver_studio2/resources/app/resources/win32/components/wch/toolchain/risc-v embedded gcc/bin/../lib/gcc/riscv-none-embed/8.2.0/rv32imacxw/ilp32\libgcc.a(fixunssfsi.o)
                0x0000000000003918                __fixunssfsi
 .text.__floatsisf
                0x000000000000396e       0xc6 d:/mounriver_studio/mounriver_studio2/resources/app/resources/win32/components/wch/toolchain/risc-v embedded gcc/bin/../lib/gcc/riscv-none-embed/8.2.0/rv32imacxw/ilp32\libgcc.a(floatsisf.o)
                0x000000000000396e                __floatsisf
 .text.__extendsfdf2
                0x0000000000003a34       0xac d:/mounriver_studio/mounriver_studio2/resources/app/resources/win32/components/wch/toolchain/risc-v embedded gcc/bin/../lib/gcc/riscv-none-embed/8.2.0/rv32imacxw/ilp32\libgcc.a(extendsfdf2.o)
                0x0000000000003a34                __extendsfdf2
 .text.__truncdfsf2
                0x0000000000003ae0      0x16a d:/mounriver_studio/mounriver_studio2/resources/app/resources/win32/components/wch/toolchain/risc-v embedded gcc/bin/../lib/gcc/riscv-none-embed/8.2.0/rv32imacxw/ilp32\libgcc.a(truncdfsf2.o)
                0x0000000000003ae0                __truncdfsf2
 .text.__clzsi2
                0x0000000000003c4a       0x6e d:/mounriver_studio/mounriver_studio2/resources/app/resources/win32/components/wch/toolchain/risc-v embedded gcc/bin/../lib/gcc/riscv-none-embed/8.2.0/rv32imacxw/ilp32\libgcc.a(_clzsi2.o)
                0x0000000000003c4a                __clzsi2
 .text.memcpy   0x0000000000003cb8       0xb2 d:/mounriver_studio/mounriver_studio2/resources/app/resources/win32/components/wch/toolchain/risc-v embedded gcc/bin/../lib/gcc/riscv-none-embed/8.2.0/../../../../riscv-none-embed/lib/rv32imacxw/ilp32\libg_nano.a(lib_a-memcpy.o)
                0x0000000000003cb8                memcpy
 *(.rodata)
 *(.rodata*)
 *fill*         0x0000000000003d6a        0x6 
 .rodata.Electricity_Get.cst8
                0x0000000000003d70       0x20 ./User/main.o
 .rodata.OLED_Updata.cst4
                0x0000000000003d90        0x4 ./User/main.o
 .rodata.System_Init.str1.4
                0x0000000000003d94       0x2f ./User/main.o
 *fill*         0x0000000000003dc3        0x5 
 .rodata.Voltage_Get.cst8
                0x0000000000003dc8       0x40 ./User/main.o
 .rodata.Voltage_Get.str1.4
                0x0000000000003e08        0xc ./User/main.o
                                          0xa (size before relaxing)
 .rodata.OLED_F8x16
                0x0000000000003e14      0x5f0 ./Hardware/OLED/OLED.o
                0x0000000000003e14                OLED_F8x16
 .rodata.__divdf3
                0x0000000000004404       0x40 d:/mounriver_studio/mounriver_studio2/resources/app/resources/win32/components/wch/toolchain/risc-v embedded gcc/bin/../lib/gcc/riscv-none-embed/8.2.0/rv32imacxw/ilp32\libgcc.a(divdf3.o)
 .rodata.__muldf3
                0x0000000000004444       0x40 d:/mounriver_studio/mounriver_studio2/resources/app/resources/win32/components/wch/toolchain/risc-v embedded gcc/bin/../lib/gcc/riscv-none-embed/8.2.0/rv32imacxw/ilp32\libgcc.a(muldf3.o)
 .rodata.__mulsf3
                0x0000000000004484       0x40 d:/mounriver_studio/mounriver_studio2/resources/app/resources/win32/components/wch/toolchain/risc-v embedded gcc/bin/../lib/gcc/riscv-none-embed/8.2.0/rv32imacxw/ilp32\libgcc.a(mulsf3.o)
 .rodata.__clz_tab
                0x00000000000044c4      0x100 d:/mounriver_studio/mounriver_studio2/resources/app/resources/win32/components/wch/toolchain/risc-v embedded gcc/bin/../lib/gcc/riscv-none-embed/8.2.0/rv32imacxw/ilp32\libgcc.a(_clz.o)
                0x00000000000044c4                __clz_tab
 *(.gnu.linkonce.t.*)
                0x00000000000045c4                . = ALIGN (0x4)

.rela.dyn       0x00000000000045c4        0x0
 .rela.init     0x00000000000045c4        0x0 ./User/ch32v20x_it.o
 .rela.vector   0x00000000000045c4        0x0 ./User/ch32v20x_it.o
 .rela.text.handle_reset
                0x00000000000045c4        0x0 ./User/ch32v20x_it.o

.fini           0x00000000000045c4        0x0
 *(SORT_NONE(.fini))
                0x00000000000045c4                . = ALIGN (0x4)
                [!provide]                        PROVIDE (_etext = .)
                [!provide]                        PROVIDE (_eitcm = .)

.preinit_array  0x00000000000045c4        0x0
                [!provide]                        PROVIDE (__preinit_array_start = .)
 *(.preinit_array)
                [!provide]                        PROVIDE (__preinit_array_end = .)

.init_array     0x00000000000045c4        0x0
                [!provide]                        PROVIDE (__init_array_start = .)
 *(SORT_BY_INIT_PRIORITY(.init_array.*) SORT_BY_INIT_PRIORITY(.ctors.*))
 *(.init_array EXCLUDE_FILE(*crtend?.o *crtend.o *crtbegin?.o *crtbegin.o) .ctors)
                [!provide]                        PROVIDE (__init_array_end = .)

.fini_array     0x00000000000045c4        0x0
                [!provide]                        PROVIDE (__fini_array_start = .)
 *(SORT_BY_INIT_PRIORITY(.fini_array.*) SORT_BY_INIT_PRIORITY(.dtors.*))
 *(.fini_array EXCLUDE_FILE(*crtend?.o *crtend.o *crtbegin?.o *crtbegin.o) .dtors)
                [!provide]                        PROVIDE (__fini_array_end = .)

.ctors
 *crtbegin.o(.ctors)
 *crtbegin?.o(.ctors)
 *(EXCLUDE_FILE(*crtend?.o *crtend.o) .ctors)
 *(SORT_BY_NAME(.ctors.*))
 *(.ctors)

.dtors
 *crtbegin.o(.dtors)
 *crtbegin?.o(.dtors)
 *(EXCLUDE_FILE(*crtend?.o *crtend.o) .dtors)
 *(SORT_BY_NAME(.dtors.*))
 *(.dtors)

.dalign         0x0000000020000000        0x0 load address 0x00000000000045c4
                0x0000000020000000                . = ALIGN (0x4)
                0x0000000020000000                PROVIDE (_data_vma = .)

.dlalign        0x00000000000045c4        0x0
                0x00000000000045c4                . = ALIGN (0x4)
                0x00000000000045c4                PROVIDE (_data_lma = .)

.data           0x0000000020000000      0x240 load address 0x00000000000045c4
 *(.gnu.linkonce.r.*)
 *(.data .data.*)
 .data.AHBPrescTable
                0x0000000020000000       0x10 ./User/system_ch32v20x.o
                0x0000000020000000                AHBPrescTable
 .data.APBAHBPrescTable
                0x0000000020000010       0x10 ./Peripheral/src/ch32v20x_rcc.o
 .data.mb_frame
                0x0000000020000020      0x20c ./Hardware/ModBus/ModBus.o
                0x0000000020000020                mb_frame
 *(.gnu.linkonce.d.*)
                0x0000000020000230                . = ALIGN (0x8)
 *fill*         0x000000002000022c        0x4 
                0x0000000020000a30                PROVIDE (__global_pointer$ = (. + 0x800))
 *(.sdata .sdata.*)
 .sdata.pwm1    0x0000000020000230        0x2 ./User/main.o
                0x0000000020000230                pwm1
 .sdata.pwm2    0x0000000020000232        0x2 ./User/main.o
                0x0000000020000232                pwm2
 .sdata.SystemCoreClock
                0x0000000020000234        0x4 ./User/system_ch32v20x.o
                0x0000000020000234                SystemCoreClock
 .sdata.ADCPrescTable
                0x0000000020000238        0x4 ./Peripheral/src/ch32v20x_rcc.o
 *(.sdata2.*)
 *(.gnu.linkonce.s.*)
                0x0000000020000240                . = ALIGN (0x8)
 *fill*         0x000000002000023c        0x4 
 *(.srodata.cst16)
 *(.srodata.cst8)
 *(.srodata.cst4)
 *(.srodata.cst2)
 *(.srodata .srodata.*)
                0x0000000020000240                . = ALIGN (0x4)
                0x0000000020000240                PROVIDE (_edata = .)

.bss            0x0000000020000240      0x148 load address 0x0000000000004804
                0x0000000020000240                . = ALIGN (0x4)
                0x0000000020000240                PROVIDE (_sbss = .)
 *(.sbss*)
 .sbss.adc_electricity
                0x0000000020000240        0x4 ./User/main.o
                0x0000000020000240                adc_electricity
 .sbss.adc_voltage
                0x0000000020000244        0x4 ./User/main.o
                0x0000000020000244                adc_voltage
 .sbss.electricity
                0x0000000020000248        0x4 ./User/main.o
                0x0000000020000248                electricity
 .sbss.electricity_IN
                0x000000002000024c        0x2 ./User/main.o
                0x000000002000024c                electricity_IN
 *fill*         0x000000002000024e        0x2 
 .sbss.voltage  0x0000000020000250        0x4 ./User/main.o
                0x0000000020000250                voltage
 .sbss.voltage_IN
                0x0000000020000254        0x2 ./User/main.o
                0x0000000020000254                voltage_IN
 .sbss.MCU_Version
                0x0000000020000256        0x1 ./Peripheral/src/ch32v20x_gpio.o
                0x0000000020000256                MCU_Version
 *fill*         0x0000000020000257        0x1 
 .sbss.NVIC_Priority_Group
                0x0000000020000258        0x4 ./Peripheral/src/ch32v20x_misc.o
                0x0000000020000258                NVIC_Priority_Group
 .sbss.timeout_cnt.4937
                0x000000002000025c        0x4 ./Hardware/ModBus/ModBus.o
 .sbss.p_ms     0x0000000020000260        0x2 ./Debug/debug.o
 .sbss.p_us     0x0000000020000262        0x1 ./Debug/debug.o
 *(.gnu.linkonce.sb.*)
 *(.bss*)
 *fill*         0x0000000020000263        0x1 
 .bss.mb_data   0x0000000020000264      0x122 ./Hardware/ModBus/ModBus.o
                0x0000000020000264                mb_data
 *(.gnu.linkonce.b.*)
 *(COMMON*)
                0x0000000020000388                . = ALIGN (0x4)
 *fill*         0x0000000020000386        0x2 
                0x0000000020000388                PROVIDE (_ebss = .)
                0x0000000020000388                PROVIDE (_end = _ebss)
                [!provide]                        PROVIDE (end = .)

.stack          0x0000000020004800      0x800
                0x0000000020004800                PROVIDE (_heap_end = .)
                0x0000000020004800                . = ALIGN (0x4)
                [!provide]                        PROVIDE (_susrstack = .)
                0x0000000020005000                . = (. + __stack_size)
 *fill*         0x0000000020004800      0x800 
                0x0000000020005000                PROVIDE (_eusrstack = .)
OUTPUT(²ÉÑùÄ£¿é.elf elf32-littleriscv)

.debug_info     0x0000000000000000    0x117f0
 .debug_info    0x0000000000000000      0xbc0 ./User/ch32v20x_it.o
 .debug_info    0x0000000000000bc0     0x13b0 ./User/main.o
 .debug_info    0x0000000000001f70      0xb89 ./User/system_ch32v20x.o
 .debug_info    0x0000000000002af9       0x22 ./Startup/startup_ch32v20x_D6.o
 .debug_info    0x0000000000002b1b     0x16f6 ./Peripheral/src/ch32v20x_adc.o
 .debug_info    0x0000000000004211     0x1354 ./Peripheral/src/ch32v20x_gpio.o
 .debug_info    0x0000000000005565      0xe6c ./Peripheral/src/ch32v20x_misc.o
 .debug_info    0x00000000000063d1     0x1273 ./Peripheral/src/ch32v20x_rcc.o
 .debug_info    0x0000000000007644     0x2abe ./Peripheral/src/ch32v20x_tim.o
 .debug_info    0x000000000000a102     0x1340 ./Peripheral/src/ch32v20x_usart.o
 .debug_info    0x000000000000b442     0x11da ./Hardware/PWM/PWM.o
 .debug_info    0x000000000000c61c     0x1665 ./Hardware/OLED/OLED.o
 .debug_info    0x000000000000dc81     0x1c80 ./Hardware/ModBus/ModBus.o
 .debug_info    0x000000000000f901      0xfc2 ./Hardware/ADC/ADC.o
 .debug_info    0x00000000000108c3      0xf2d ./Debug/debug.o

.debug_abbrev   0x0000000000000000     0x2c4d
 .debug_abbrev  0x0000000000000000      0x22c ./User/ch32v20x_it.o
 .debug_abbrev  0x000000000000022c      0x31f ./User/main.o
 .debug_abbrev  0x000000000000054b      0x2c0 ./User/system_ch32v20x.o
 .debug_abbrev  0x000000000000080b       0x12 ./Startup/startup_ch32v20x_D6.o
 .debug_abbrev  0x000000000000081d      0x3a9 ./Peripheral/src/ch32v20x_adc.o
 .debug_abbrev  0x0000000000000bc6      0x34b ./Peripheral/src/ch32v20x_gpio.o
 .debug_abbrev  0x0000000000000f11      0x2ea ./Peripheral/src/ch32v20x_misc.o
 .debug_abbrev  0x00000000000011fb      0x36b ./Peripheral/src/ch32v20x_rcc.o
 .debug_abbrev  0x0000000000001566      0x418 ./Peripheral/src/ch32v20x_tim.o
 .debug_abbrev  0x000000000000197e      0x312 ./Peripheral/src/ch32v20x_usart.o
 .debug_abbrev  0x0000000000001c90      0x281 ./Hardware/PWM/PWM.o
 .debug_abbrev  0x0000000000001f11      0x393 ./Hardware/OLED/OLED.o
 .debug_abbrev  0x00000000000022a4      0x453 ./Hardware/ModBus/ModBus.o
 .debug_abbrev  0x00000000000026f7      0x274 ./Hardware/ADC/ADC.o
 .debug_abbrev  0x000000000000296b      0x2e2 ./Debug/debug.o

.debug_aranges  0x0000000000000000      0x968
 .debug_aranges
                0x0000000000000000       0x28 ./User/ch32v20x_it.o
 .debug_aranges
                0x0000000000000028       0x40 ./User/main.o
 .debug_aranges
                0x0000000000000068       0x28 ./User/system_ch32v20x.o
 .debug_aranges
                0x0000000000000090       0x30 ./Startup/startup_ch32v20x_D6.o
 .debug_aranges
                0x00000000000000c0      0x150 ./Peripheral/src/ch32v20x_adc.o
 .debug_aranges
                0x0000000000000210       0xb0 ./Peripheral/src/ch32v20x_gpio.o
 .debug_aranges
                0x00000000000002c0       0x28 ./Peripheral/src/ch32v20x_misc.o
 .debug_aranges
                0x00000000000002e8      0x130 ./Peripheral/src/ch32v20x_rcc.o
 .debug_aranges
                0x0000000000000418      0x2d0 ./Peripheral/src/ch32v20x_tim.o
 .debug_aranges
                0x00000000000006e8       0xf0 ./Peripheral/src/ch32v20x_usart.o
 .debug_aranges
                0x00000000000007d8       0x28 ./Hardware/PWM/PWM.o
 .debug_aranges
                0x0000000000000800       0x98 ./Hardware/OLED/OLED.o
 .debug_aranges
                0x0000000000000898       0x50 ./Hardware/ModBus/ModBus.o
 .debug_aranges
                0x00000000000008e8       0x30 ./Hardware/ADC/ADC.o
 .debug_aranges
                0x0000000000000918       0x50 ./Debug/debug.o

.debug_ranges   0x0000000000000000      0xa50
 .debug_ranges  0x0000000000000000       0x18 ./User/ch32v20x_it.o
 .debug_ranges  0x0000000000000018       0x30 ./User/main.o
 .debug_ranges  0x0000000000000048       0x38 ./User/system_ch32v20x.o
 .debug_ranges  0x0000000000000080       0x28 ./Startup/startup_ch32v20x_D6.o
 .debug_ranges  0x00000000000000a8      0x140 ./Peripheral/src/ch32v20x_adc.o
 .debug_ranges  0x00000000000001e8       0xa0 ./Peripheral/src/ch32v20x_gpio.o
 .debug_ranges  0x0000000000000288       0x48 ./Peripheral/src/ch32v20x_misc.o
 .debug_ranges  0x00000000000002d0      0x120 ./Peripheral/src/ch32v20x_rcc.o
 .debug_ranges  0x00000000000003f0      0x2f0 ./Peripheral/src/ch32v20x_tim.o
 .debug_ranges  0x00000000000006e0       0xe0 ./Peripheral/src/ch32v20x_usart.o
 .debug_ranges  0x00000000000007c0       0x18 ./Hardware/PWM/PWM.o
 .debug_ranges  0x00000000000007d8      0x110 ./Hardware/OLED/OLED.o
 .debug_ranges  0x00000000000008e8      0x108 ./Hardware/ModBus/ModBus.o
 .debug_ranges  0x00000000000009f0       0x20 ./Hardware/ADC/ADC.o
 .debug_ranges  0x0000000000000a10       0x40 ./Debug/debug.o

.debug_line     0x0000000000000000     0xc8bb
 .debug_line    0x0000000000000000      0x319 ./User/ch32v20x_it.o
 .debug_line    0x0000000000000319      0x888 ./User/main.o
 .debug_line    0x0000000000000ba1      0x70e ./User/system_ch32v20x.o
 .debug_line    0x00000000000012af      0x121 ./Startup/startup_ch32v20x_D6.o
 .debug_line    0x00000000000013d0     0x1b2e ./Peripheral/src/ch32v20x_adc.o
 .debug_line    0x0000000000002efe     0x166c ./Peripheral/src/ch32v20x_gpio.o
 .debug_line    0x000000000000456a      0x43e ./Peripheral/src/ch32v20x_misc.o
 .debug_line    0x00000000000049a8     0x11f4 ./Peripheral/src/ch32v20x_rcc.o
 .debug_line    0x0000000000005b9c     0x3151 ./Peripheral/src/ch32v20x_tim.o
 .debug_line    0x0000000000008ced      0xed7 ./Peripheral/src/ch32v20x_usart.o
 .debug_line    0x0000000000009bc4      0x609 ./Hardware/PWM/PWM.o
 .debug_line    0x000000000000a1cd      0xc4b ./Hardware/OLED/OLED.o
 .debug_line    0x000000000000ae18      0xd1f ./Hardware/ModBus/ModBus.o
 .debug_line    0x000000000000bb37      0x5e4 ./Hardware/ADC/ADC.o
 .debug_line    0x000000000000c11b      0x7a0 ./Debug/debug.o

.debug_str      0x0000000000000000     0x2e4c
 .debug_str     0x0000000000000000      0x609 ./User/ch32v20x_it.o
                                        0x67d (size before relaxing)
 .debug_str     0x0000000000000609      0x37d ./User/main.o
                                        0x982 (size before relaxing)
 .debug_str     0x0000000000000986       0xf5 ./User/system_ch32v20x.o
                                        0x6c4 (size before relaxing)
 .debug_str     0x0000000000000a7b       0x2d ./Startup/startup_ch32v20x_D6.o
                                         0x51 (size before relaxing)
 .debug_str     0x0000000000000aa8      0x617 ./Peripheral/src/ch32v20x_adc.o
                                        0xc0f (size before relaxing)
 .debug_str     0x00000000000010bf      0x3ba ./Peripheral/src/ch32v20x_gpio.o
                                        0x9b4 (size before relaxing)
 .debug_str     0x0000000000001479      0x401 ./Peripheral/src/ch32v20x_misc.o
                                        0xa76 (size before relaxing)
 .debug_str     0x000000000000187a      0x3d7 ./Peripheral/src/ch32v20x_rcc.o
                                        0xac6 (size before relaxing)
 .debug_str     0x0000000000001c51      0xa98 ./Peripheral/src/ch32v20x_tim.o
                                       0x12b1 (size before relaxing)
 .debug_str     0x00000000000026e9      0x3dc ./Peripheral/src/ch32v20x_usart.o
                                        0xae2 (size before relaxing)
 .debug_str     0x0000000000002ac5       0x40 ./Hardware/PWM/PWM.o
                                        0xa61 (size before relaxing)
 .debug_str     0x0000000000002b05      0x10b ./Hardware/OLED/OLED.o
                                        0x8bc (size before relaxing)
 .debug_str     0x0000000000002c10      0x17a ./Hardware/ModBus/ModBus.o
                                       0x10ba (size before relaxing)
 .debug_str     0x0000000000002d8a       0x28 ./Hardware/ADC/ADC.o
                                        0x983 (size before relaxing)
 .debug_str     0x0000000000002db2       0x9a ./Debug/debug.o
                                        0x909 (size before relaxing)

.comment        0x0000000000000000       0x33
 .comment       0x0000000000000000       0x33 ./User/ch32v20x_it.o
                                         0x34 (size before relaxing)
 .comment       0x0000000000000033       0x34 ./User/main.o
 .comment       0x0000000000000033       0x34 ./User/system_ch32v20x.o
 .comment       0x0000000000000033       0x34 ./Peripheral/src/ch32v20x_adc.o
 .comment       0x0000000000000033       0x34 ./Peripheral/src/ch32v20x_gpio.o
 .comment       0x0000000000000033       0x34 ./Peripheral/src/ch32v20x_misc.o
 .comment       0x0000000000000033       0x34 ./Peripheral/src/ch32v20x_rcc.o
 .comment       0x0000000000000033       0x34 ./Peripheral/src/ch32v20x_tim.o
 .comment       0x0000000000000033       0x34 ./Peripheral/src/ch32v20x_usart.o
 .comment       0x0000000000000033       0x34 ./Hardware/PWM/PWM.o
 .comment       0x0000000000000033       0x34 ./Hardware/OLED/OLED.o
 .comment       0x0000000000000033       0x34 ./Hardware/ModBus/ModBus.o
 .comment       0x0000000000000033       0x34 ./Hardware/ADC/ADC.o
 .comment       0x0000000000000033       0x34 ./Debug/debug.o

.debug_frame    0x0000000000000000     0x17b4
 .debug_frame   0x0000000000000000       0x30 ./User/ch32v20x_it.o
 .debug_frame   0x0000000000000030       0xc0 ./User/main.o
 .debug_frame   0x00000000000000f0       0x3c ./User/system_ch32v20x.o
 .debug_frame   0x000000000000012c      0x2b4 ./Peripheral/src/ch32v20x_adc.o
 .debug_frame   0x00000000000003e0      0x170 ./Peripheral/src/ch32v20x_gpio.o
 .debug_frame   0x0000000000000550       0x30 ./Peripheral/src/ch32v20x_misc.o
 .debug_frame   0x0000000000000580      0x254 ./Peripheral/src/ch32v20x_rcc.o
 .debug_frame   0x00000000000007d4      0x614 ./Peripheral/src/ch32v20x_tim.o
 .debug_frame   0x0000000000000de8      0x1e4 ./Peripheral/src/ch32v20x_usart.o
 .debug_frame   0x0000000000000fcc       0x60 ./Hardware/PWM/PWM.o
 .debug_frame   0x000000000000102c      0x25c ./Hardware/OLED/OLED.o
 .debug_frame   0x0000000000001288       0xd8 ./Hardware/ModBus/ModBus.o
 .debug_frame   0x0000000000001360       0x7c ./Hardware/ADC/ADC.o
 .debug_frame   0x00000000000013dc       0xb8 ./Debug/debug.o
 .debug_frame   0x0000000000001494       0x44 d:/mounriver_studio/mounriver_studio2/resources/app/resources/win32/components/wch/toolchain/risc-v embedded gcc/bin/../lib/gcc/riscv-none-embed/8.2.0/rv32imacxw/ilp32\libgcc.a(adddf3.o)
 .debug_frame   0x00000000000014d8       0x50 d:/mounriver_studio/mounriver_studio2/resources/app/resources/win32/components/wch/toolchain/risc-v embedded gcc/bin/../lib/gcc/riscv-none-embed/8.2.0/rv32imacxw/ilp32\libgcc.a(divdf3.o)
 .debug_frame   0x0000000000001528       0x20 d:/mounriver_studio/mounriver_studio2/resources/app/resources/win32/components/wch/toolchain/risc-v embedded gcc/bin/../lib/gcc/riscv-none-embed/8.2.0/rv32imacxw/ilp32\libgcc.a(gedf2.o)
 .debug_frame   0x0000000000001548       0x20 d:/mounriver_studio/mounriver_studio2/resources/app/resources/win32/components/wch/toolchain/risc-v embedded gcc/bin/../lib/gcc/riscv-none-embed/8.2.0/rv32imacxw/ilp32\libgcc.a(ledf2.o)
 .debug_frame   0x0000000000001568       0x54 d:/mounriver_studio/mounriver_studio2/resources/app/resources/win32/components/wch/toolchain/risc-v embedded gcc/bin/../lib/gcc/riscv-none-embed/8.2.0/rv32imacxw/ilp32\libgcc.a(muldf3.o)
 .debug_frame   0x00000000000015bc       0x44 d:/mounriver_studio/mounriver_studio2/resources/app/resources/win32/components/wch/toolchain/risc-v embedded gcc/bin/../lib/gcc/riscv-none-embed/8.2.0/rv32imacxw/ilp32\libgcc.a(subdf3.o)
 .debug_frame   0x0000000000001600       0x38 d:/mounriver_studio/mounriver_studio2/resources/app/resources/win32/components/wch/toolchain/risc-v embedded gcc/bin/../lib/gcc/riscv-none-embed/8.2.0/rv32imacxw/ilp32\libgcc.a(floatsidf.o)
 .debug_frame   0x0000000000001638       0x50 d:/mounriver_studio/mounriver_studio2/resources/app/resources/win32/components/wch/toolchain/risc-v embedded gcc/bin/../lib/gcc/riscv-none-embed/8.2.0/rv32imacxw/ilp32\libgcc.a(mulsf3.o)
 .debug_frame   0x0000000000001688       0x3c d:/mounriver_studio/mounriver_studio2/resources/app/resources/win32/components/wch/toolchain/risc-v embedded gcc/bin/../lib/gcc/riscv-none-embed/8.2.0/rv32imacxw/ilp32\libgcc.a(subsf3.o)
 .debug_frame   0x00000000000016c4       0x20 d:/mounriver_studio/mounriver_studio2/resources/app/resources/win32/components/wch/toolchain/risc-v embedded gcc/bin/../lib/gcc/riscv-none-embed/8.2.0/rv32imacxw/ilp32\libgcc.a(fixunssfsi.o)
 .debug_frame   0x00000000000016e4       0x38 d:/mounriver_studio/mounriver_studio2/resources/app/resources/win32/components/wch/toolchain/risc-v embedded gcc/bin/../lib/gcc/riscv-none-embed/8.2.0/rv32imacxw/ilp32\libgcc.a(floatsisf.o)
 .debug_frame   0x000000000000171c       0x38 d:/mounriver_studio/mounriver_studio2/resources/app/resources/win32/components/wch/toolchain/risc-v embedded gcc/bin/../lib/gcc/riscv-none-embed/8.2.0/rv32imacxw/ilp32\libgcc.a(extendsfdf2.o)
 .debug_frame   0x0000000000001754       0x20 d:/mounriver_studio/mounriver_studio2/resources/app/resources/win32/components/wch/toolchain/risc-v embedded gcc/bin/../lib/gcc/riscv-none-embed/8.2.0/rv32imacxw/ilp32\libgcc.a(truncdfsf2.o)
 .debug_frame   0x0000000000001774       0x20 d:/mounriver_studio/mounriver_studio2/resources/app/resources/win32/components/wch/toolchain/risc-v embedded gcc/bin/../lib/gcc/riscv-none-embed/8.2.0/rv32imacxw/ilp32\libgcc.a(_clzsi2.o)
 .debug_frame   0x0000000000001794       0x20 d:/mounriver_studio/mounriver_studio2/resources/app/resources/win32/components/wch/toolchain/risc-v embedded gcc/bin/../lib/gcc/riscv-none-embed/8.2.0/../../../../riscv-none-embed/lib/rv32imacxw/ilp32\libg_nano.a(lib_a-memcpy.o)

.debug_loc      0x0000000000000000     0x48c4
 .debug_loc     0x0000000000000000       0x72 ./User/main.o
 .debug_loc     0x0000000000000072       0xac ./User/system_ch32v20x.o
 .debug_loc     0x000000000000011e      0xab6 ./Peripheral/src/ch32v20x_adc.o
 .debug_loc     0x0000000000000bd4      0x8a1 ./Peripheral/src/ch32v20x_gpio.o
 .debug_loc     0x0000000000001475       0x2d ./Peripheral/src/ch32v20x_misc.o
 .debug_loc     0x00000000000014a2      0x797 ./Peripheral/src/ch32v20x_rcc.o
 .debug_loc     0x0000000000001c39     0x190e ./Peripheral/src/ch32v20x_tim.o
 .debug_loc     0x0000000000003547      0x715 ./Peripheral/src/ch32v20x_usart.o
 .debug_loc     0x0000000000003c5c       0xc6 ./Hardware/PWM/PWM.o
 .debug_loc     0x0000000000003d22      0x750 ./Hardware/OLED/OLED.o
 .debug_loc     0x0000000000004472      0x2db ./Hardware/ModBus/ModBus.o
 .debug_loc     0x000000000000474d      0x177 ./Debug/debug.o
